// Jest Snapshot v1, https://goo.gl/fbAQLP

exports[`renders correctly 1`] = `
<RCTScrollView
  contentContainerStyle={
    Object {
      "flexGrow": 1,
    }
  }
>
  <View>
    <View
      style={
        Object {
          "alignItems": "center",
          "backgroundColor": "white",
          "flex": 1,
          "marginTop": 0,
        }
      }
    >
      <View
        style={
          Object {
            "alignItems": "center",
            "marginTop": 100,
            "width": 600,
          }
        }
      >
        <View
          style={
            Object {
              "alignItems": "center",
            }
          }
        >
          <Image
            source={1}
            style={
              Object {
                "height": 140,
                "marginTop": 20,
                "width": 150,
              }
            }
          />
          <Text
            style={
              Object {
                "color": "#59DE7E",
                "fontFamily": "HelveticaNeue-Bold",
                "fontSize": 42,
              }
            }
          >
            trackbasket
          </Text>
        </View>
        <Text
          style={
            Object {
              "fontFamily": "Helvetica",
              "fontSize": 28,
              "marginTop": 30,
              "textAlign": "center",
            }
          }
        >
          Good afternoon
          , 
          
        </Text>
        <View
          accessible={true}
          focusable={true}
          isTVSelectable={true}
          onClick={[Function]}
          onResponderGrant={[Function]}
          onResponderMove={[Function]}
          onResponderRelease={[Function]}
          onResponderTerminate={[Function]}
          onResponderTerminationRequest={[Function]}
          onStartShouldSetResponder={[Function]}
          style={
            Object {
              "alignItems": "center",
              "backgroundColor": "white",
              "borderColor": "#59DE7E",
              "borderWidth": 2,
              "color": "#59DE7E",
              "marginTop": 10,
              "opacity": 1,
              "paddingHorizontal": 10,
              "paddingVertical": 7,
            }
          }
        >
          <Text
            style={
              Object {
                "color": "#59DE7E",
                "fontSize": 18,
              }
            }
          >
            Edit Profile
          </Text>
        </View>
        <View
          accessible={true}
          focusable={true}
          isTVSelectable={true}
          onClick={[Function]}
          onResponderGrant={[Function]}
          onResponderMove={[Function]}
          onResponderRelease={[Function]}
          onResponderTerminate={[Function]}
          onResponderTerminationRequest={[Function]}
          onStartShouldSetResponder={[Function]}
          style={
            Object {
              "alignItems": "center",
              "alignSelf": "center",
              "backgroundColor": "#59DE7E",
              "marginTop": 20,
              "opacity": 1,
              "paddingHorizontal": 40,
              "paddingVertical": 10,
              "width": 250,
            }
          }
        >
          <Text
            style={
              Array [
                Object {
                  "color": "white",
                  "fontFamily": "HelveticaNeue-Bold",
                  "fontSize": 24,
                  "textAlign": "center",
                },
                undefined,
              ]
            }
          >
            Find New List
          </Text>
        </View>
        <View
          style={
            Object {
              "marginBottom": 20,
              "marginTop": 100,
            }
          }
        >
          <Text
            style={
              Object {
                "fontSize": 20,
                "fontWeight": "bold",
                "textAlign": "center",
              }
            }
          >
            You have no lists
          </Text>
        </View>
      </View>
    </View>
  </View>
</RCTScrollView>
`;
