// Jest Snapshot v1, https://goo.gl/fbAQLP

exports[`renders correctly 1`] = `
<View
  onLayout={[Function]}
  style={
    Array [
      Object {
        "alignItems": "center",
        "backgroundColor": "#fff",
        "borderWidth": 1,
        "flex": 1,
      },
      Object {
        "paddingBottom": 0,
      },
    ]
  }
>
  <RCTScrollView
    automaticallyAdjustContentInsets={false}
    contentInset={
      Object {
        "bottom": 0,
      }
    }
    enableAutomaticScroll={true}
    enableOnAndroid={false}
    enableResetScrollToCoords={true}
    extraHeight={75}
    extraScrollHeight={0}
    getScrollResponder={[Function]}
    handleOnScroll={[Function]}
    keyboardDismissMode="interactive"
    keyboardOpeningTime={250}
    keyboardSpace={0}
    onScroll={[Function]}
    resetKeyboardSpace={[Function]}
    scrollEventThrottle={1}
    scrollForExtraHeightOnAndroid={[Function]}
    scrollIntoView={[Function]}
    scrollToEnd={[Function]}
    scrollToFocusedInput={[Function]}
    scrollToPosition={[Function]}
    showsVerticalScrollIndicator={true}
    update={[Function]}
    viewIsInsideTabBar={false}
  >
    <View>
      <View
        style={
          Object {
            "justifyContent": "center",
            "marginBottom": 50,
            "marginTop": 70,
            "width": 300,
          }
        }
      >
        <Text
          style={
            Object {
              "fontFamily": "HelveticaNeue-Bold",
              "fontSize": 20,
              "marginBottom": 30,
              "textAlign": "center",
            }
          }
        >
          Sign up to volunteer to shop for a person in need
        </Text>
        <Text
          style={
            Object {
              "color": "red",
              "fontFamily": "HelveticaNeue-BoldItalic",
              "fontSize": 16,
              "marginBottom": 20,
            }
          }
        >
           * All Fields Required
        </Text>
        <View>
          <Text
            style={
              Object {
                "fontSize": 14,
                "marginBottom": 3,
              }
            }
          >
            Name
          </Text>
          <TextInput
            allowFontScaling={true}
            onChangeText={[Function]}
            placeholder="Name"
            rejectResponderTermination={true}
            style={
              Object {
                "borderColor": "black",
                "borderWidth": 1,
                "fontSize": 15,
                "height": 35,
                "marginBottom": 5,
                "padding": 5,
              }
            }
            testID="Form.TextInput"
            underlineColorAndroid="transparent"
            value=""
          />
        </View>
        <View>
          <Text
            style={
              Object {
                "fontSize": 14,
                "marginBottom": 3,
              }
            }
          >
            Phone number
          </Text>
          <TextInput
            allowFontScaling={true}
            keyboardType="numeric"
            maxLength={14}
            onChangeText={[Function]}
            placeholder="Phone number"
            rejectResponderTermination={true}
            style={
              Object {
                "borderColor": "black",
                "borderWidth": 1,
                "fontSize": 15,
                "height": 35,
                "marginBottom": 5,
                "padding": 5,
              }
            }
            testID="Form.TextInput"
            underlineColorAndroid="transparent"
          />
        </View>
        <View
          style={
            Object {
              "marginTop": 10,
            }
          }
        >
          <View
            accessible={true}
            focusable={true}
            isTVSelectable={true}
            onClick={[Function]}
            onResponderGrant={[Function]}
            onResponderMove={[Function]}
            onResponderRelease={[Function]}
            onResponderTerminate={[Function]}
            onResponderTerminationRequest={[Function]}
            onStartShouldSetResponder={[Function]}
            style={
              Object {
                "alignItems": "center",
                "alignSelf": "center",
                "backgroundColor": "#59DE7E",
                "opacity": 1,
                "paddingHorizontal": 40,
                "paddingVertical": 10,
                "width": 220,
              }
            }
          >
            <Text
              style={
                Array [
                  Object {
                    "color": "white",
                    "fontFamily": "HelveticaNeue-Bold",
                    "fontSize": 24,
                    "textAlign": "center",
                  },
                  undefined,
                ]
              }
            >
              SUBMIT
            </Text>
          </View>
        </View>
      </View>
    </View>
  </RCTScrollView>
</View>
`;
